[debug] [2025-07-02T22:53:10.206Z] ----------------------------------------------------------------------
[debug] [2025-07-02T22:53:10.223Z] Command:       C:\nvm4w\nodejs\node.exe C:\nvm4w\nodejs\node_modules\firebase-tools\lib\bin\firebase.js init functions
[debug] [2025-07-02T22:53:10.223Z] CLI Version:   14.7.0
[debug] [2025-07-02T22:53:10.224Z] Platform:      win32
[debug] [2025-07-02T22:53:10.224Z] Node Version:  v23.10.0
[debug] [2025-07-02T22:53:10.224Z] Time:          Thu Jul 03 2025 01:53:10 GMT+0300 (East Africa Time)
[debug] [2025-07-02T22:53:10.225Z] ----------------------------------------------------------------------
[debug] 
[debug] [2025-07-02T22:53:10.521Z] Object "" in "firebase.json" has unknown property: {"additionalProperty":"flutter"}
[debug] [2025-07-02T22:53:10.527Z] > command requires scopes: ["email","openid","https://www.googleapis.com/auth/cloudplatformprojects.readonly","https://www.googleapis.com/auth/firebase","https://www.googleapis.com/auth/cloud-platform"]
[debug] [2025-07-02T22:53:10.528Z] > authorizing via signed-in user (allenchanilla@gmail.com)
[debug] [2025-07-02T22:53:10.529Z] Object "" in "firebase.json" has unknown property: {"additionalProperty":"flutter"}
[info] 
     ######## #### ########  ######## ########     ###     ######  ########
     ##        ##  ##     ## ##       ##     ##  ##   ##  ##       ##
     ######    ##  ########  ######   ########  #########  ######  ######
     ##        ##  ##    ##  ##       ##     ## ##     ##       ## ##
     ##       #### ##     ## ######## ########  ##     ##  ######  ########

You're about to initialize a Firebase project in this directory:

  C:\Users\Hp\StudioProjects\tajiriaiapp

Before we get started, keep in mind:

  * You are initializing within an existing Firebase project directory

[info] 
=== Project Setup
[info] 
[info] First, let's associate this project directory with a Firebase project.
[info] You can create multiple project aliases by running firebase use --add, 
[info] but for now we'll just set up a default project.
[info] 
[debug] [2025-07-02T22:53:13.880Z] Using project from CLI flag: tajiri-ai-dev
[debug] [2025-07-02T22:53:13.888Z] Checked if tokens are valid: false, expires at: 1751490992476
[debug] [2025-07-02T22:53:13.888Z] Checked if tokens are valid: false, expires at: 1751490992476
[debug] [2025-07-02T22:53:13.888Z] > refreshing access token with scopes: []
[debug] [2025-07-02T22:53:13.891Z] >>> [apiv2][query] POST https://www.googleapis.com/oauth2/v3/token [none]
[debug] [2025-07-02T22:53:13.891Z] >>> [apiv2][body] POST https://www.googleapis.com/oauth2/v3/token [omitted]
[debug] [2025-07-02T22:53:14.421Z] <<< [apiv2][status] POST https://www.googleapis.com/oauth2/v3/token 200
[debug] [2025-07-02T22:53:14.421Z] <<< [apiv2][body] POST https://www.googleapis.com/oauth2/v3/token [omitted]
[debug] [2025-07-02T22:53:14.459Z] >>> [apiv2][query] GET https://firebase.googleapis.com/v1beta1/projects/tajiri-ai-dev [none]
[debug] [2025-07-02T22:53:14.924Z] <<< [apiv2][status] GET https://firebase.googleapis.com/v1beta1/projects/tajiri-ai-dev 200
[debug] [2025-07-02T22:53:14.924Z] <<< [apiv2][body] GET https://firebase.googleapis.com/v1beta1/projects/tajiri-ai-dev {"projectId":"tajiri-ai-dev","projectNumber":"143364800780","displayName":"Tajiri AI Dev","name":"projects/tajiri-ai-dev","resources":{"hostingSite":"tajiri-ai-dev"},"state":"ACTIVE","etag":"1_7de8abb2-dba8-434f-9a4e-c9a970b37bef"}
[info] i  Using project tajiri-ai-dev (Tajiri AI Dev) 
[info] 
=== Functions Setup
[debug] [2025-07-02T22:53:14.933Z] > command requires scopes: ["email","openid","https://www.googleapis.com/auth/cloudplatformprojects.readonly","https://www.googleapis.com/auth/firebase","https://www.googleapis.com/auth/cloud-platform"]
[debug] [2025-07-02T22:53:14.933Z] > authorizing via signed-in user (allenchanilla@gmail.com)
[debug] [2025-07-02T22:53:14.934Z] [iam] checking project tajiri-ai-dev for permissions ["firebase.projects.get"]
[debug] [2025-07-02T22:53:14.935Z] Checked if tokens are valid: true, expires at: 1751500393421
[debug] [2025-07-02T22:53:14.935Z] Checked if tokens are valid: true, expires at: 1751500393421
[debug] [2025-07-02T22:53:14.936Z] >>> [apiv2][query] POST https://cloudresourcemanager.googleapis.com/v1/projects/tajiri-ai-dev:testIamPermissions [none]
[debug] [2025-07-02T22:53:14.937Z] >>> [apiv2][(partial)header] POST https://cloudresourcemanager.googleapis.com/v1/projects/tajiri-ai-dev:testIamPermissions x-goog-quota-user=projects/tajiri-ai-dev
[debug] [2025-07-02T22:53:14.937Z] >>> [apiv2][body] POST https://cloudresourcemanager.googleapis.com/v1/projects/tajiri-ai-dev:testIamPermissions {"permissions":["firebase.projects.get"]}
[debug] [2025-07-02T22:53:16.820Z] <<< [apiv2][status] POST https://cloudresourcemanager.googleapis.com/v1/projects/tajiri-ai-dev:testIamPermissions 200
[debug] [2025-07-02T22:53:16.820Z] <<< [apiv2][body] POST https://cloudresourcemanager.googleapis.com/v1/projects/tajiri-ai-dev:testIamPermissions {"permissions":["firebase.projects.get"]}
[debug] [2025-07-02T22:53:16.821Z] Checked if tokens are valid: true, expires at: 1751500393421
[debug] [2025-07-02T22:53:16.821Z] Checked if tokens are valid: true, expires at: 1751500393421
[debug] [2025-07-02T22:53:16.821Z] Checked if tokens are valid: true, expires at: 1751500393421
[debug] [2025-07-02T22:53:16.821Z] Checked if tokens are valid: true, expires at: 1751500393421
[debug] [2025-07-02T22:53:16.821Z] >>> [apiv2][query] GET https://serviceusage.googleapis.com/v1/projects/tajiri-ai-dev/services/cloudfunctions.googleapis.com [none]
[debug] [2025-07-02T22:53:16.821Z] >>> [apiv2][(partial)header] GET https://serviceusage.googleapis.com/v1/projects/tajiri-ai-dev/services/cloudfunctions.googleapis.com x-goog-quota-user=projects/tajiri-ai-dev
[debug] [2025-07-02T22:53:16.823Z] >>> [apiv2][query] GET https://serviceusage.googleapis.com/v1/projects/tajiri-ai-dev/services/runtimeconfig.googleapis.com [none]
[debug] [2025-07-02T22:53:16.823Z] >>> [apiv2][(partial)header] GET https://serviceusage.googleapis.com/v1/projects/tajiri-ai-dev/services/runtimeconfig.googleapis.com x-goog-quota-user=projects/tajiri-ai-dev
[debug] [2025-07-02T22:53:18.636Z] <<< [apiv2][status] GET https://serviceusage.googleapis.com/v1/projects/tajiri-ai-dev/services/runtimeconfig.googleapis.com 200
[debug] [2025-07-02T22:53:18.636Z] <<< [apiv2][body] GET https://serviceusage.googleapis.com/v1/projects/tajiri-ai-dev/services/runtimeconfig.googleapis.com [omitted]
[debug] [2025-07-02T22:53:18.666Z] <<< [apiv2][status] GET https://serviceusage.googleapis.com/v1/projects/tajiri-ai-dev/services/cloudfunctions.googleapis.com 200
[debug] [2025-07-02T22:53:18.667Z] <<< [apiv2][body] GET https://serviceusage.googleapis.com/v1/projects/tajiri-ai-dev/services/cloudfunctions.googleapis.com [omitted]
[info] 
Detected existing codebase(s): default

[info] 
Overwriting codebase default...

[debug] [2025-07-02T22:53:35.240Z] ExitPromptError: User force closed the prompt with SIGINT
    at Interface.sigint (C:\Users\Hp\AppData\Local\nvm\v23.10.0\node_modules\firebase-tools\node_modules\@inquirer\core\dist\commonjs\lib\create-prompt.js:101:37)
    at Interface.emit (node:events:507:28)
    at Interface.emit (node:domain:489:12)
    at [_ttyWrite] [as _ttyWrite] (node:internal/readline/interface:1129:18)
    at ReadStream.onkeypress (node:internal/readline/interface:268:20)
    at ReadStream.emit (node:events:519:35)
    at ReadStream.emit (node:domain:489:12)
    at emitKeys (node:internal/readline/utils:370:14)
    at emitKeys.next (<anonymous>)
    at ReadStream.onData (node:internal/readline/emitKeypressEvents:64:36)
[error] 
[error] Error: An unexpected error has occurred.
